mesh: 588 hex27, 6205 nodes, 17725 dofs, cavity volume 5026.5 mm^3 (exact 5026.5)
  pressure P =    5.000 kPa   V/V0 =  1.032   delta =    0.077 mm   (3 it,     7 s)
  pressure P =   10.000 kPa   V/V0 =  1.067   delta =    0.197 mm   (3 it,    10 s)
  pressure P =   15.000 kPa   V/V0 =  1.103   delta =    0.367 mm   (3 it,    13 s)
  pressure P =   20.000 kPa   V/V0 =  1.143   delta =    0.594 mm   (3 it,    17 s)
  pressure P =   25.000 kPa   V/V0 =  1.184   delta =    0.886 mm   (3 it,    20 s)
  pressure P =   30.000 kPa   V/V0 =  1.229   delta =    1.252 mm   (3 it,    23 s)
  pressure P =   35.000 kPa   V/V0 =  1.278   delta =    1.705 mm   (3 it,    27 s)
  pressure P =   40.000 kPa   V/V0 =  1.330   delta =    2.259 mm   (3 it,    30 s)
  pressure P =   45.000 kPa   V/V0 =  1.387   delta =    2.931 mm   (3 it,    33 s)
  pressure P =   50.000 kPa   V/V0 =  1.449   delta =    3.744 mm   (3 it,    37 s)
  pressure P =   55.000 kPa   V/V0 =  1.517   delta =    4.726 mm   (3 it,    40 s)
  pressure P =   60.000 kPa   V/V0 =  1.592   delta =    5.912 mm   (3 it,    44 s)
  pressure P =   65.000 kPa   V/V0 =  1.676   delta =    7.350 mm   (3 it,    47 s)
  pressure P =   70.000 kPa   V/V0 =  1.771   delta =    9.105 mm   (3 it,    50 s)
  pressure P =   75.000 kPa   V/V0 =  1.880   delta =   11.264 mm   (3 it,    54 s)
  pressure P =   80.000 kPa   V/V0 =  2.007   delta =   13.960 mm   (3 it,    57 s)
  pressure P =   85.000 kPa   V/V0 =  2.159   delta =   17.392 mm   (3 it,    61 s)
  pressure P =   90.000 kPa   V/V0 =  2.348   delta =   21.895 mm   (3 it,    64 s)
  pressure P =   92.500 kPa   V/V0 =  2.463   delta =   24.727 mm   (3 it,    79 s)
  pressure P =   95.000 kPa   V/V0 =  2.598   delta =   28.108 mm   (3 it,    82 s)
  pressure P =   97.500 kPa   V/V0 =  2.763   delta =   32.257 mm   (3 it,    97 s)
  pressure P =  100.000 kPa   V/V0 =  2.976   delta =   37.586 mm   (3 it,   101 s)
  pressure P =  101.250 kPa   V/V0 =  3.113   delta =   40.952 mm   (3 it,   129 s)
  pressure P =  102.500 kPa   V/V0 =  3.287   delta =   45.109 mm   (3 it,   132 s)
  pressure step beyond 102.50 kPa failed; continuing under volume control
  volume   P =  102.622 kPa   V/V0 =  3.307   delta =   45.574 mm   (2 it,   144 s)
  volume   P =  102.796 kPa   V/V0 =  3.337   delta =   46.268 mm   (2 it,   146 s)
  volume   P =  103.041 kPa   V/V0 =  3.382   delta =   47.296 mm   (2 it,   149 s)
  volume   P =  103.372 kPa   V/V0 =  3.449   delta =   48.812 mm   (3 it,   152 s)
  volume   P =  103.785 kPa   V/V0 =  3.549   delta =   50.993 mm   (3 it,   155 s)
  volume   P =  104.114 kPa   V/V0 =  3.649   delta =   53.088 mm   (3 it,   159 s)
  volume   P =  104.364 kPa   V/V0 =  3.749   delta =   55.089 mm   (3 it,   162 s)
  volume   P =  104.538 kPa   V/V0 =  3.849   delta =   56.985 mm   (3 it,   165 s)
  volume   P =  104.636 kPa   V/V0 =  3.949   delta =   58.765 mm   (3 it,   169 s)
  volume   P =  104.649 kPa   V/V0 =  4.049   delta =   60.408 mm   (3 it,   172 s)
  volume   P =  104.540 kPa   V/V0 =  4.149   delta =   61.868 mm   (3 it,   176 s)
done: 36 states in 177 s, ballooning limit pressure 104.65 kPa
saved results\bare\summary.csv
