mesh: 588 hex27, 6205 nodes, 17725 dofs, cavity volume 5026.5 mm^3 (exact 5026.5)
  pressure P =    5.000 kPa   V/V0 =  1.021   delta =    1.027 mm   (6 it,    11 s)
  pressure P =   10.000 kPa   V/V0 =  1.042   delta =    2.104 mm   (4 it,    15 s)
  pressure P =   15.000 kPa   V/V0 =  1.064   delta =    3.233 mm   (4 it,    19 s)
  pressure P =   20.000 kPa   V/V0 =  1.087   delta =    4.417 mm   (4 it,    24 s)
  pressure P =   25.000 kPa   V/V0 =  1.111   delta =    5.659 mm   (4 it,    28 s)
  pressure P =   30.000 kPa   V/V0 =  1.135   delta =    6.963 mm   (4 it,    32 s)
  pressure P =   35.000 kPa   V/V0 =  1.161   delta =    8.331 mm   (4 it,    37 s)
  pressure P =   40.000 kPa   V/V0 =  1.188   delta =    9.766 mm   (4 it,    41 s)
  pressure P =   45.000 kPa   V/V0 =  1.215   delta =   11.273 mm   (4 it,    45 s)
  pressure P =   50.000 kPa   V/V0 =  1.244   delta =   12.855 mm   (4 it,    50 s)
  pressure P =   55.000 kPa   V/V0 =  1.274   delta =   14.516 mm   (4 it,    54 s)
  pressure P =   60.000 kPa   V/V0 =  1.305   delta =   16.260 mm   (4 it,    59 s)
  pressure P =   65.000 kPa   V/V0 =  1.337   delta =   18.092 mm   (4 it,    63 s)
  pressure P =   70.000 kPa   V/V0 =  1.371   delta =   20.015 mm   (4 it,    67 s)
  pressure P =   75.000 kPa   V/V0 =  1.406   delta =   22.034 mm   (4 it,    72 s)
  pressure P =   80.000 kPa   V/V0 =  1.443   delta =   24.154 mm   (4 it,    76 s)
  pressure P =   85.000 kPa   V/V0 =  1.481   delta =   26.378 mm   (4 it,    80 s)
  pressure P =   90.000 kPa   V/V0 =  1.522   delta =   28.711 mm   (4 it,    85 s)
  pressure P =   95.000 kPa   V/V0 =  1.564   delta =   31.156 mm   (4 it,    89 s)
  pressure P =  100.000 kPa   V/V0 =  1.608   delta =   33.717 mm   (4 it,    94 s)
  pressure P =  105.000 kPa   V/V0 =  1.654   delta =   36.398 mm   (4 it,    98 s)
  pressure P =  110.000 kPa   V/V0 =  1.702   delta =   39.199 mm   (4 it,   102 s)
done: 23 states in 103 s
saved results\sleeve\summary.csv
